<?php return array (
  0 => 'Symfony\\Bundle\\FrameworkBundle\\Controller\\AbstractController',
  1 => 'AppBundle\\Controller\\AbstractARCustomController',
  2 => 'AppBundle\\Controller\\BaseController',
  3 => 'AppBundle\\Controller\\DocumentController',
  4 => 'AppBundle\\Controller\\ExceptionController',
  5 => 'AppBundle\\Controller\\HelpController',
  6 => 'AppBundle\\Controller\\MainController',
  7 => 'AppBundle\\Controller\\MessageController',
  8 => 'AppBundle\\Controller\\NewsController',
  9 => 'AppBundle\\Controller\\ProjectController',
  10 => 'AppBundle\\Entity\\Contact',
  11 => 'AppBundle\\Entity\\Custom\\Message\\EditMessageRequest',
  12 => 'AppBundle\\Entity\\Custom\\Project\\EditProjectRequest',
  13 => 'AppBundle\\Entity\\Document',
  14 => 'AppBundle\\Entity\\DocumentType',
  15 => 'AppBundle\\Entity\\FaqQuestion',
  16 => 'AppBundle\\Entity\\Media',
  17 => 'AppBundle\\Entity\\MediaType',
  18 => 'AppBundle\\Entity\\Message',
  19 => 'AppBundle\\Entity\\MessageType',
  20 => 'AppBundle\\Entity\\Project',
  21 => 'AppBundle\\Entity\\Tag',
  22 => 'Doctrine\\Bundle\\DoctrineBundle\\Controller\\ProfilerController',
  23 => 'Doctrine\\ORM\\Cache\\Persister\\Entity\\AbstractEntityPersister',
  24 => 'Doctrine\\ORM\\Cache\\Persister\\Entity\\CachedEntityPersister',
  25 => 'Doctrine\\ORM\\Cache\\Persister\\Entity\\NonStrictReadWriteCachedEntityPersister',
  26 => 'Doctrine\\ORM\\Cache\\Persister\\Entity\\ReadOnlyCachedEntityPersister',
  27 => 'Doctrine\\ORM\\Cache\\Persister\\Entity\\ReadWriteCachedEntityPersister',
  28 => 'Doctrine\\ORM\\Persisters\\Entity\\AbstractEntityInheritancePersister',
  29 => 'Doctrine\\ORM\\Persisters\\Entity\\BasicEntityPersister',
  30 => 'Doctrine\\ORM\\Persisters\\Entity\\CachedPersisterContext',
  31 => 'Doctrine\\ORM\\Persisters\\Entity\\EntityPersister',
  32 => 'Doctrine\\ORM\\Persisters\\Entity\\JoinedSubclassPersister',
  33 => 'Doctrine\\ORM\\Persisters\\Entity\\SingleTablePersister',
  34 => 'Gedmo\\Loggable\\Entity\\LogEntry',
  35 => 'Gedmo\\Loggable\\Entity\\MappedSuperclass\\AbstractLogEntry',
  36 => 'Gedmo\\Loggable\\Entity\\Repository\\LogEntryRepository',
  37 => 'Gedmo\\Sortable\\Entity\\Repository\\SortableRepository',
  38 => 'Gedmo\\Translatable\\Entity\\MappedSuperclass\\AbstractPersonalTranslation',
  39 => 'Gedmo\\Translatable\\Entity\\MappedSuperclass\\AbstractTranslation',
  40 => 'Gedmo\\Translatable\\Entity\\Repository\\TranslationRepository',
  41 => 'Gedmo\\Translatable\\Entity\\Translation',
  42 => 'Gedmo\\Translator\\Entity\\Translation',
  43 => 'Gedmo\\Tree\\Entity\\MappedSuperclass\\AbstractClosure',
  44 => 'Gedmo\\Tree\\Entity\\Repository\\AbstractTreeRepository',
  45 => 'Gedmo\\Tree\\Entity\\Repository\\ClosureTreeRepository',
  46 => 'Gedmo\\Tree\\Entity\\Repository\\MaterializedPathRepository',
  47 => 'Gedmo\\Tree\\Entity\\Repository\\NestedTreeRepository',
  48 => 'Main\\AdminBundle\\Controller\\AdminController',
  49 => 'Main\\AdminBundle\\Controller\\Api\\AddressImportController',
  50 => 'Main\\AdminBundle\\Controller\\Api\\AnimalDogBreedImportController',
  51 => 'Main\\AdminBundle\\Controller\\Api\\JobGroupImportController',
  52 => 'Main\\AdminBundle\\Controller\\Api\\QuestionLoadController',
  53 => 'Main\\AdminBundle\\Entity\\AnimalDogBreed',
  54 => 'Main\\InsuranceBundle\\Controller\\Admin\\AdminTariffController',
  55 => 'Main\\InsuranceBundle\\Controller\\Admin\\CompanyController',
  56 => 'Main\\InsuranceBundle\\Controller\\Admin\\SurveyController',
  57 => 'Main\\InsuranceBundle\\Controller\\Api\\TariffDeliveryApiController',
  58 => 'Main\\InsuranceBundle\\Controller\\ContractController',
  59 => 'Main\\InsuranceBundle\\Controller\\DamageReportController',
  60 => 'Main\\InsuranceBundle\\Entity\\Company',
  61 => 'Main\\InsuranceBundle\\Entity\\Contract',
  62 => 'Main\\InsuranceBundle\\Entity\\Custom\\Company\\EditCompanyRequest',
  63 => 'Main\\InsuranceBundle\\Entity\\Custom\\Company\\NewCompanyRequest',
  64 => 'Main\\InsuranceBundle\\Entity\\Custom\\Company\\NewContractRequest',
  65 => 'Main\\InsuranceBundle\\Entity\\Custom\\Contract\\EditContractRequest',
  66 => 'Main\\InsuranceBundle\\Entity\\Damage',
  67 => 'Main\\InsuranceBundle\\Entity\\DamageDocument',
  68 => 'Main\\InsuranceBundle\\Entity\\DamageMedia',
  69 => 'Main\\InsuranceBundle\\Entity\\Damage\\DamagePliInterface',
  70 => 'Main\\InsuranceBundle\\Entity\\MMContract',
  71 => 'Main\\InsuranceBundle\\Entity\\Process',
  72 => 'Main\\InsuranceBundle\\Entity\\ProcessActivity',
  73 => 'Main\\InsuranceBundle\\Entity\\ProcessStatus',
  74 => 'Main\\InsuranceBundle\\Entity\\ProcessTariffTracker',
  75 => 'Main\\InsuranceBundle\\Entity\\ProcessType',
  76 => 'Main\\InsuranceBundle\\Entity\\Structure',
  77 => 'Main\\InsuranceBundle\\Entity\\SurveyQuestion',
  78 => 'Main\\InsuranceBundle\\Entity\\TargetGroup',
  79 => 'Main\\InsuranceBundle\\Entity\\Tariff',
  80 => 'Main\\InsuranceBundle\\Entity\\TariffPrivateLiability',
  81 => 'Main\\InsuranceBundle\\Entity\\TariffRate',
  82 => 'Main\\InsuranceBundle\\Entity\\TariffTargetGroup',
  83 => 'Main\\InsuranceBundle\\Entity\\TariffType',
  84 => 'Main\\InsuranceBundle\\Entity\\Type',
  85 => 'Main\\InsuranceBundle\\Entity\\UserTariff',
  86 => 'Main\\InsuranceBundle\\Helper\\Entity\\TariffTypeHelper',
  87 => 'Main\\UserBundle\\Controller\\Admin\\AddressController',
  88 => 'Main\\UserBundle\\Controller\\Admin\\AdminUserController',
  89 => 'Main\\UserBundle\\Controller\\Admin\\BankController',
  90 => 'Main\\UserBundle\\Controller\\Web\\ActivityController',
  91 => 'Main\\UserBundle\\Controller\\Web\\BenefitController',
  92 => 'Main\\UserBundle\\Controller\\Web\\ManagerController',
  93 => 'Main\\UserBundle\\Controller\\Web\\MandateController',
  94 => 'Main\\UserBundle\\Controller\\Web\\SecurityController',
  95 => 'Main\\UserBundle\\Entity\\Achievement',
  96 => 'Main\\UserBundle\\Entity\\Activity',
  97 => 'Main\\UserBundle\\Entity\\Address',
  98 => 'Main\\UserBundle\\Entity\\AddressType',
  99 => 'Main\\UserBundle\\Entity\\BankAccount',
  100 => 'Main\\UserBundle\\Entity\\BenefitPartner',
  101 => 'Main\\UserBundle\\Entity\\City',
  102 => 'Main\\UserBundle\\Entity\\Country',
  103 => 'Main\\UserBundle\\Entity\\Custom\\Address\\EditAddressRequest',
  104 => 'Main\\UserBundle\\Entity\\Custom\\Address\\NewAddressRequest',
  105 => 'Main\\UserBundle\\Entity\\Custom\\Bank\\EditBankRequest',
  106 => 'Main\\UserBundle\\Entity\\Custom\\Bank\\NewBankRequest',
  107 => 'Main\\UserBundle\\Entity\\Custom\\User\\EditUserRequest',
  108 => 'Main\\UserBundle\\Entity\\Custom\\User\\NewUserRequest',
  109 => 'Main\\UserBundle\\Entity\\FamilyStatus',
  110 => 'Main\\UserBundle\\Entity\\JobGroup',
  111 => 'Main\\UserBundle\\Entity\\SecurityUser',
  112 => 'Main\\UserBundle\\Entity\\Title',
  113 => 'Main\\UserBundle\\Entity\\User',
  114 => 'Main\\UserBundle\\Entity\\UserAchievement',
  115 => 'Main\\UserBundle\\Entity\\UserMedia',
  116 => 'Main\\UserBundle\\Entity\\UserProject',
  117 => 'Main\\UserBundle\\Entity\\UserSecurityLog',
  119 => 'Symfony\\Bundle\\FrameworkBundle\\Controller\\Controller',
  120 => 'Symfony\\Bundle\\FrameworkBundle\\Controller\\ControllerNameParser',
  121 => 'Symfony\\Bundle\\FrameworkBundle\\Controller\\ControllerResolver',
  122 => 'Symfony\\Bundle\\FrameworkBundle\\Controller\\ControllerTrait',
  123 => 'Symfony\\Bundle\\FrameworkBundle\\Controller\\RedirectController',
  124 => 'Symfony\\Bundle\\FrameworkBundle\\Controller\\TemplateController',
  125 => 'Symfony\\Bundle\\TwigBundle\\Controller\\ExceptionController',
  126 => 'Symfony\\Bundle\\TwigBundle\\Controller\\PreviewErrorController',
  127 => 'Symfony\\Component\\HttpKernel\\Controller\\ArgumentResolver',
  128 => 'Symfony\\Component\\HttpKernel\\Controller\\ArgumentResolverInterface',
  129 => 'Symfony\\Component\\HttpKernel\\Controller\\ArgumentResolver\\DefaultValueResolver',
  130 => 'Symfony\\Component\\HttpKernel\\Controller\\ArgumentResolver\\RequestAttributeValueResolver',
  131 => 'Symfony\\Component\\HttpKernel\\Controller\\ArgumentResolver\\RequestValueResolver',
  132 => 'Symfony\\Component\\HttpKernel\\Controller\\ArgumentResolver\\ServiceValueResolver',
  133 => 'Symfony\\Component\\HttpKernel\\Controller\\ArgumentResolver\\SessionValueResolver',
  134 => 'Symfony\\Component\\HttpKernel\\Controller\\ArgumentResolver\\TraceableValueResolver',
  135 => 'Symfony\\Component\\HttpKernel\\Controller\\ArgumentResolver\\VariadicValueResolver',
  136 => 'Symfony\\Component\\HttpKernel\\Controller\\ArgumentValueResolverInterface',
  137 => 'Symfony\\Component\\HttpKernel\\Controller\\ContainerControllerResolver',
  138 => 'Symfony\\Component\\HttpKernel\\Controller\\ControllerReference',
  139 => 'Symfony\\Component\\HttpKernel\\Controller\\ControllerResolver',
  140 => 'Symfony\\Component\\HttpKernel\\Controller\\ControllerResolverInterface',
  141 => 'Symfony\\Component\\HttpKernel\\Controller\\TraceableArgumentResolver',
  142 => 'Symfony\\Component\\HttpKernel\\Controller\\TraceableControllerResolver',
  143 => 'Symfony\\Component\\Security\\Http\\Controller\\UserValueResolver',
);